---
source: src/main.rs
expression: output
---
db > Executed: "insert 1 user1 person@example.com"
db > (1, "user1", "person@example.com")
Executed: "select"
db >
