---
source: src/main.rs
expression: output
---
db > Bye.
db > Executed: "select"
db > Bye.
